###############################################################################
#
# IAR ELF Linker V7.20.1.7305/W32 for ARM                 16/Jun/2016  14:15:57
# Copyright 2007-2014 IAR Systems AB.
#
#    Output file  =  
#        C:\Users\DK\Desktop\Razor_Atmel-slave\Razor_Atmel-master\firmware_mpgl1\iar_7_20_1\Debug\Exe\mpgl1.out
#    Map file     =  
#        C:\Users\DK\Desktop\Razor_Atmel-slave\Razor_Atmel-master\firmware_mpgl1\iar_7_20_1\Debug\List\mpgl1.map
#    Command line =  
#        C:\Users\DK\Desktop\Razor_Atmel-slave\Razor_Atmel-master\firmware_mpgl1\iar_7_20_1\Debug\Obj\ant.o
#        C:\Users\DK\Desktop\Razor_Atmel-slave\Razor_Atmel-master\firmware_mpgl1\iar_7_20_1\Debug\Obj\ant_api.o
#        C:\Users\DK\Desktop\Razor_Atmel-slave\Razor_Atmel-master\firmware_mpgl1\iar_7_20_1\Debug\Obj\board_cstartup_iar.o
#        C:\Users\DK\Desktop\Razor_Atmel-slave\Razor_Atmel-master\firmware_mpgl1\iar_7_20_1\Debug\Obj\buttons.o
#        C:\Users\DK\Desktop\Razor_Atmel-slave\Razor_Atmel-master\firmware_mpgl1\iar_7_20_1\Debug\Obj\core_cm3.o
#        C:\Users\DK\Desktop\Razor_Atmel-slave\Razor_Atmel-master\firmware_mpgl1\iar_7_20_1\Debug\Obj\debug.o
#        C:\Users\DK\Desktop\Razor_Atmel-slave\Razor_Atmel-master\firmware_mpgl1\iar_7_20_1\Debug\Obj\exceptions.o
#        C:\Users\DK\Desktop\Razor_Atmel-slave\Razor_Atmel-master\firmware_mpgl1\iar_7_20_1\Debug\Obj\interrupts.o
#        C:\Users\DK\Desktop\Razor_Atmel-slave\Razor_Atmel-master\firmware_mpgl1\iar_7_20_1\Debug\Obj\lcd_nhd-c0220biz.o
#        C:\Users\DK\Desktop\Razor_Atmel-slave\Razor_Atmel-master\firmware_mpgl1\iar_7_20_1\Debug\Obj\leds.o
#        C:\Users\DK\Desktop\Razor_Atmel-slave\Razor_Atmel-master\firmware_mpgl1\iar_7_20_1\Debug\Obj\main.o
#        C:\Users\DK\Desktop\Razor_Atmel-slave\Razor_Atmel-master\firmware_mpgl1\iar_7_20_1\Debug\Obj\messaging.o
#        C:\Users\DK\Desktop\Razor_Atmel-slave\Razor_Atmel-master\firmware_mpgl1\iar_7_20_1\Debug\Obj\mpgl1-ehdw-03.o
#        C:\Users\DK\Desktop\Razor_Atmel-slave\Razor_Atmel-master\firmware_mpgl1\iar_7_20_1\Debug\Obj\sam3u_i2c.o
#        C:\Users\DK\Desktop\Razor_Atmel-slave\Razor_Atmel-master\firmware_mpgl1\iar_7_20_1\Debug\Obj\sam3u_ssp.o
#        C:\Users\DK\Desktop\Razor_Atmel-slave\Razor_Atmel-master\firmware_mpgl1\iar_7_20_1\Debug\Obj\sam3u_uart.o
#        C:\Users\DK\Desktop\Razor_Atmel-slave\Razor_Atmel-master\firmware_mpgl1\iar_7_20_1\Debug\Obj\sdcard.o
#        C:\Users\DK\Desktop\Razor_Atmel-slave\Razor_Atmel-master\firmware_mpgl1\iar_7_20_1\Debug\Obj\user_app.o
#        C:\Users\DK\Desktop\Razor_Atmel-slave\Razor_Atmel-master\firmware_mpgl1\iar_7_20_1\Debug\Obj\utilities.o
#        --redirect _Printf=_PrintfTiny --redirect _Scanf=_ScanfSmallNoMb -o
#        C:\Users\DK\Desktop\Razor_Atmel-slave\Razor_Atmel-master\firmware_mpgl1\iar_7_20_1\Debug\Exe\mpgl1.out
#        --map
#        C:\Users\DK\Desktop\Razor_Atmel-slave\Razor_Atmel-master\firmware_mpgl1\iar_7_20_1\Debug\List\mpgl1.map
#        --log initialization,modules,sections --log_file
#        C:\Users\DK\Desktop\Razor_Atmel-slave\Razor_Atmel-master\firmware_mpgl1\iar_7_20_1\Debug\List\mpgl1.log
#        --config
#        C:\Users\DK\Desktop\Razor_Atmel-slave\Razor_Atmel-master\firmware_mpgl1\iar_7_20_1\..\..\firmware_mpg_common\sam3u2-flash.icf
#        --semihosting --entry __iar_program_start --vfe
#
###############################################################################

*******************************************************************************
*** RUNTIME MODEL ATTRIBUTES
***

CppFlavor       = *
__Heap_Handler  = Basic
__SystemLibrary = DLib


*******************************************************************************
*** PLACEMENT SUMMARY
***

"A1":  place at 0x00080000 { ro section .intvec };
"P1":  place in [from 0x00080000 to 0x0009ffff] { ro };
"P2":  place in [from 0x20000000 to 0x20003fff] { rw, block HEAP };
"P3":  place in [from 0x20080000 to 0x20083fff] { block CSTACK };

  Section            Kind        Address    Size  Object
  -------            ----        -------    ----  ------
"A1":                                       0xbc
  .intvec                     0x00080000    0xbc  <Block>
    .intvec          const    0x00080000    0xbc  board_cstartup_iar.o [1]
                            - 0x000800bc    0xbc

"P1":                                     0x5858
  .text              ro code  0x000800bc   0xf6e  ant.o [1]
  .text              ro code  0x0008102a    0x3e  exceptions.o [1]
  .text              ro code  0x00081068    0xe4  utilities.o [1]
  .text              ro code  0x0008114c    0x76  ABImemcpy_unaligned.o [4]
  .text              ro code  0x000811c2    0x22  zero_init3.o [4]
  .text              ro code  0x000811e4   0x724  debug.o [1]
  .text              ro code  0x00081908   0x8d0  sam3u_ssp.o [1]
  .text              ro code  0x000821d8    0xb0  xxmemxmalloc.o [3]
  .text              ro code  0x00082288    0x80  xxmemxfree.o [3]
  .text              ro code  0x00082308   0x29c  messaging.o [1]
  .text              ro code  0x000825a4    0x44  strcpy_unaligned.o [4]
  .text              ro code  0x000825e8   0x578  sam3u_uart.o [1]
  .text              ro code  0x00082b60   0x354  leds.o [1]
  .text              ro code  0x00082eb4    0x66  ABImemset.o [4]
  .rodata            const    0x00082f1a     0x2  debug.o [1]
  .text              ro code  0x00082f1c    0x2c  xgetmemchunk.o [3]
  .text              ro code  0x00082f48   0x926  user_app.o [1]
  .rodata            const    0x0008386e     0x2  user_app.o [1]
  .text              ro code  0x00083870   0x18a  lcd_nhd-c0220biz.o [1]
  .text              ro code  0x000839fc   0x298  ant_api.o [1]
  .text              ro code  0x00083c94   0x450  mpgl1-ehdw-03.o [1]
  .text              ro code  0x000840e4   0x294  buttons.o [1]
  .text              ro code  0x00084378   0x7f0  sam3u_i2c.o [1]
  .text              ro code  0x00084b68   0x1c4  interrupts.o [1]
  .text              ro code  0x00084d2c   0x1c2  lz77_init.o [4]
  .text              ro code  0x00084eee     0x6  abort.o [3]
  .text              ro code  0x00084ef4    0x14  exit.o [5]
  .text              ro code  0x00084f08    0xc0  sdcard.o [1]
  .text              ro code  0x00084fc8    0xbc  main.o [1]
  .rodata            const    0x00085084    0x48  debug.o [1]
  .rodata            const    0x000850cc    0x3c  debug.o [1]
  .rodata            const    0x00085108    0x2c  ant.o [1]
  .rodata            const    0x00085134    0x28  ant.o [1]
  .text              ro code  0x0008515c    0x28  data_init.o [4]
  .rodata            const    0x00085184    0x24  ant.o [1]
  .rodata            const    0x000851a8    0x24  debug.o [1]
  .rodata            const    0x000851cc    0x24  debug.o [1]
  .rodata            const    0x000851f0    0x24  debug.o [1]
  .rodata            const    0x00085214    0x24  debug.o [1]
  .rodata            const    0x00085238    0x24  debug.o [1]
  .rodata            const    0x0008525c    0x24  debug.o [1]
  .rodata            const    0x00085280    0x24  debug.o [1]
  .rodata            const    0x000852a4    0x24  debug.o [1]
  .rodata            const    0x000852c8    0x24  debug.o [1]
  .iar.init_table    const    0x000852ec    0x2c  - Linker created -
  .rodata            const    0x00085318    0x20  interrupts.o [1]
  .rodata            const    0x00085338    0x20  sam3u_uart.o [1]
  .rodata            const    0x00085358    0x1c  ant.o [1]
  .rodata            const    0x00085374    0x1c  debug.o [1]
  .text              ro code  0x00085390    0x1a  cmain.o [4]
  .text              ro code  0x000853ac    0x14  board_cstartup_iar.o [1]
  .text              ro code  0x000853c0     0x4  exit.o [3]
  .text              ro code  0x000853c4     0xa  cexit.o [4]
  .rodata            const    0x000853d0    0x18  ant.o [1]
  .rodata            const    0x000853e8    0x18  ant.o [1]
  .rodata            const    0x00085400    0x18  lcd_nhd-c0220biz.o [1]
  .rodata            const    0x00085418    0x18  sdcard.o [1]
  .rodata            const    0x00085430    0x18  user_app.o [1]
  .rodata            const    0x00085448    0x18  user_app.o [1]
  .rodata            const    0x00085460    0x18  user_app.o [1]
  .rodata            const    0x00085478    0x18  user_app.o [1]
  .rodata            const    0x00085490    0x14  ant.o [1]
  .rodata            const    0x000854a4    0x14  ant.o [1]
  .rodata            const    0x000854b8    0x14  ant.o [1]
  .rodata            const    0x000854cc    0x14  ant.o [1]
  .rodata            const    0x000854e0    0x14  user_app.o [1]
  .rodata            const    0x000854f4    0x14  user_app.o [1]
  .rodata            const    0x00085508    0x14  user_app.o [1]
  .rodata            const    0x0008551c    0x10  buttons.o [1]
  .rodata            const    0x0008552c    0x10  user_app.o [1]
  .rodata            const    0x0008553c     0xc  debug.o [1]
  .rodata            const    0x00085548     0xc  debug.o [1]
  .rodata            const    0x00085554     0xc  user_app.o [1]
  .rodata            const    0x00085560     0xc  user_app.o [1]
  .rodata            const    0x0008556c     0xc  user_app.o [1]
  .text              ro code  0x00085578     0xc  cstartup_M.o [4]
  .rodata            const    0x00085584     0x8  ant.o [1]
  .rodata            const    0x0008558c     0x8  ant_api.o [1]
  .rodata            const    0x00085594     0x8  ant_api.o [1]
  .rodata            const    0x0008559c     0x8  ant_api.o [1]
  .rodata            const    0x000855a4     0x8  ant_api.o [1]
  .rodata            const    0x000855ac     0x8  ant_api.o [1]
  .rodata            const    0x000855b4     0x8  debug.o [1]
  .rodata            const    0x000855bc     0x8  lcd_nhd-c0220biz.o [1]
  .rodata            const    0x000855c4     0x8  user_app.o [1]
  .rodata            const    0x000855cc     0x8  user_app.o [1]
  .rodata            const    0x000855d4     0x8  user_app.o [1]
  .rodata            const    0x000855dc     0x8  user_app.o [1]
  .rodata            const    0x000855e4     0x4  ant_api.o [1]
  .rodata            const    0x000855e8     0x0  zero_init3.o [4]
  .rodata            const    0x000855e8     0x0  lz77_init.o [4]
  Initializer bytes  ro data  0x000855e8   0x32c  <for P2 s0>
                            - 0x00085914  0x5858

"P2":                                     0x3b78
  P2 s0                       0x20000000   0x65d  <Init block>
    .data            inited   0x20000000   0x180  user_app.o [1]
    .data            inited   0x20000180    0x70  leds.o [1]
    .data            inited   0x200001f0    0x70  user_app.o [1]
    .data            inited   0x20000260    0x50  ant.o [1]
    .data            inited   0x200002b0    0x44  debug.o [1]
    .data            inited   0x200002f4    0x44  user_app.o [1]
    .data            inited   0x20000338    0x40  ant.o [1]
    .data            inited   0x20000378    0x40  debug.o [1]
    .data            inited   0x200003b8    0x2c  lcd_nhd-c0220biz.o [1]
    .data            inited   0x200003e4    0x2c  lcd_nhd-c0220biz.o [1]
    .data            inited   0x20000410    0x2c  leds.o [1]
    .data            inited   0x2000043c    0x20  ant.o [1]
    .data            inited   0x2000045c    0x20  ant.o [1]
    .data            inited   0x2000047c    0x20  debug.o [1]
    .data            inited   0x2000049c    0x20  mpgl1-ehdw-03.o [1]
    .data            inited   0x200004bc    0x1c  ant.o [1]
    .data            inited   0x200004d8    0x18  ant.o [1]
    .data            inited   0x200004f0    0x18  ant.o [1]
    .data            inited   0x20000508    0x18  debug.o [1]
    .data            inited   0x20000520    0x18  leds.o [1]
    .data            inited   0x20000538    0x18  sam3u_ssp.o [1]
    .data            inited   0x20000550    0x18  sam3u_ssp.o [1]
    .data            inited   0x20000568    0x14  ant.o [1]
    .data            inited   0x2000057c    0x14  ant.o [1]
    .data            inited   0x20000590    0x14  ant.o [1]
    .data            inited   0x200005a4    0x14  ant.o [1]
    .data            inited   0x200005b8    0x14  buttons.o [1]
    .data            inited   0x200005cc    0x14  debug.o [1]
    .data            inited   0x200005e0    0x14  user_app.o [1]
    .data            inited   0x200005f4    0x10  ant.o [1]
    .data            inited   0x20000604     0xc  ant_api.o [1]
    .data            inited   0x20000610     0x8  ant.o [1]
    .data            inited   0x20000618     0x8  ant.o [1]
    .data            inited   0x20000620     0x8  buttons.o [1]
    .data            inited   0x20000628     0x8  debug.o [1]
    .data            inited   0x20000630     0x8  user_app.o [1]
    .data            inited   0x20000638     0x8  utilities.o [1]
    .data            inited   0x20000640     0x8  utilities.o [1]
    .data            inited   0x20000648     0x4  debug.o [1]
    .data            inited   0x2000064c     0x4  messaging.o [1]
    .data            inited   0x20000650     0x4  user_app.o [1]
    .data            inited   0x20000654     0x4  user_app.o [1]
    .data            inited   0x20000658     0x2  interrupts.o [1]
    .data            inited   0x2000065a     0x2  user_app.o [1]
    .data            inited   0x2000065c     0x1  user_app.o [1]
  .bss               zero     0x20000660   0x900  messaging.o [1]
  .bss               zero     0x20000f60   0x300  messaging.o [1]
  .bss               zero     0x20001260   0x224  sdcard.o [1]
  .bss               zero     0x20001484   0x100  ant.o [1]
  .bss               zero     0x20001584   0x100  sam3u_i2c.o [1]
  .bss               zero     0x20001684    0x80  debug.o [1]
  .bss               zero     0x20001704    0x80  debug.o [1]
  .bss               zero     0x20001784    0x80  sam3u_ssp.o [1]
  .bss               zero     0x20001804    0x40  debug.o [1]
  .bss               zero     0x20001844    0x34  sam3u_ssp.o [1]
  .bss               zero     0x20001878    0x34  sam3u_ssp.o [1]
  .bss               zero     0x200018ac    0x34  sam3u_ssp.o [1]
  .bss               zero     0x200018e0    0x24  ant.o [1]
  .bss               zero     0x20001904    0x24  sam3u_uart.o [1]
  .bss               zero     0x20001928    0x24  sam3u_uart.o [1]
  .bss               zero     0x2000194c    0x24  sam3u_uart.o [1]
  .bss               zero     0x20001970    0x24  sam3u_uart.o [1]
  .bss               zero     0x20001994    0x24  sdcard.o [1]
  .bss               zero     0x200019b8    0x10  buttons.o [1]
  .bss               zero     0x200019c8    0x10  buttons.o [1]
  .bss               zero     0x200019d8    0x10  sam3u_i2c.o [1]
  .bss               zero     0x200019e8     0xc  ant.o [1]
  .bss               zero     0x200019f4     0xc  ant.o [1]
  .bss               zero     0x20001a00     0x8  ant_api.o [1]
  .bss               zero     0x20001a08     0x8  xxmemxmalloc.o [3]
  .bss               zero     0x20001a10     0x4  ant.o [1]
  .bss               zero     0x20001a14     0x4  ant.o [1]
  .bss               zero     0x20001a18     0x4  ant.o [1]
  .bss               zero     0x20001a1c     0x4  ant.o [1]
  .bss               zero     0x20001a20     0x4  ant.o [1]
  .bss               zero     0x20001a24     0x4  ant.o [1]
  .bss               zero     0x20001a28     0x4  ant.o [1]
  .bss               zero     0x20001a2c     0x4  ant.o [1]
  .bss               zero     0x20001a30     0x4  ant.o [1]
  .bss               zero     0x20001a34     0x4  ant.o [1]
  .bss               zero     0x20001a38     0x4  ant.o [1]
  .bss               zero     0x20001a3c     0x4  ant.o [1]
  .bss               zero     0x20001a40     0x4  ant.o [1]
  .bss               zero     0x20001a44     0x4  ant.o [1]
  .bss               zero     0x20001a48     0x4  ant.o [1]
  .bss               zero     0x20001a4c     0x4  ant.o [1]
  .bss               zero     0x20001a50     0x4  ant.o [1]
  .bss               zero     0x20001a54     0x4  ant.o [1]
  .bss               zero     0x20001a58     0x4  ant.o [1]
  .bss               zero     0x20001a5c     0x4  ant.o [1]
  .bss               zero     0x20001a60     0x4  ant.o [1]
  .bss               zero     0x20001a64     0x4  ant_api.o [1]
  .bss               zero     0x20001a68     0x4  buttons.o [1]
  .bss               zero     0x20001a6c     0x4  buttons.o [1]
  .bss               zero     0x20001a70     0x4  buttons.o [1]
  .bss               zero     0x20001a74     0x4  buttons.o [1]
  .bss               zero     0x20001a78     0x4  buttons.o [1]
  .bss               zero     0x20001a7c     0x4  debug.o [1]
  .bss               zero     0x20001a80     0x4  debug.o [1]
  .bss               zero     0x20001a84     0x4  debug.o [1]
  .bss               zero     0x20001a88     0x4  debug.o [1]
  .bss               zero     0x20001a8c     0x4  debug.o [1]
  .bss               zero     0x20001a90     0x4  debug.o [1]
  .bss               zero     0x20001a94     0x4  debug.o [1]
  .bss               zero     0x20001a98     0x4  lcd_nhd-c0220biz.o [1]
  .bss               zero     0x20001a9c     0x4  lcd_nhd-c0220biz.o [1]
  .bss               zero     0x20001aa0     0x4  main.o [1]
  .bss               zero     0x20001aa4     0x4  main.o [1]
  .bss               zero     0x20001aa8     0x4  messaging.o [1]
  .bss               zero     0x20001aac     0x4  messaging.o [1]
  .bss               zero     0x20001ab0     0x4  messaging.o [1]
  .bss               zero     0x20001ab4     0x4  messaging.o [1]
  .bss               zero     0x20001ab8     0x4  mpgl1-ehdw-03.o [1]
  .bss               zero     0x20001abc     0x4  mpgl1-ehdw-03.o [1]
  .bss               zero     0x20001ac0     0x4  mpgl1-ehdw-03.o [1]
  .bss               zero     0x20001ac4     0x4  mpgl1-ehdw-03.o [1]
  .bss               zero     0x20001ac8     0x4  sam3u_i2c.o [1]
  .bss               zero     0x20001acc     0x4  sam3u_i2c.o [1]
  .bss               zero     0x20001ad0     0x4  sam3u_i2c.o [1]
  .bss               zero     0x20001ad4     0x4  sam3u_i2c.o [1]
  .bss               zero     0x20001ad8     0x4  sam3u_i2c.o [1]
  .bss               zero     0x20001adc     0x4  sam3u_i2c.o [1]
  .bss               zero     0x20001ae0     0x4  sam3u_ssp.o [1]
  .bss               zero     0x20001ae4     0x4  sam3u_ssp.o [1]
  .bss               zero     0x20001ae8     0x4  sam3u_ssp.o [1]
  .bss               zero     0x20001aec     0x4  sam3u_ssp.o [1]
  .bss               zero     0x20001af0     0x4  sam3u_ssp.o [1]
  .bss               zero     0x20001af4     0x4  sam3u_ssp.o [1]
  .bss               zero     0x20001af8     0x4  sam3u_ssp.o [1]
  .bss               zero     0x20001afc     0x4  sam3u_ssp.o [1]
  .bss               zero     0x20001b00     0x4  sam3u_ssp.o [1]
  .bss               zero     0x20001b04     0x4  sam3u_ssp.o [1]
  .bss               zero     0x20001b08     0x4  sam3u_ssp.o [1]
  .bss               zero     0x20001b0c     0x4  sam3u_uart.o [1]
  .bss               zero     0x20001b10     0x4  sam3u_uart.o [1]
  .bss               zero     0x20001b14     0x4  sam3u_uart.o [1]
  .bss               zero     0x20001b18     0x4  sam3u_uart.o [1]
  .bss               zero     0x20001b1c     0x4  sam3u_uart.o [1]
  .bss               zero     0x20001b20     0x4  sam3u_uart.o [1]
  .bss               zero     0x20001b24     0x4  sam3u_uart.o [1]
  .bss               zero     0x20001b28     0x4  sam3u_uart.o [1]
  .bss               zero     0x20001b2c     0x4  sam3u_uart.o [1]
  .bss               zero     0x20001b30     0x4  sam3u_uart.o [1]
  .bss               zero     0x20001b34     0x4  sdcard.o [1]
  .bss               zero     0x20001b38     0x4  sdcard.o [1]
  .bss               zero     0x20001b3c     0x4  sdcard.o [1]
  .bss               zero     0x20001b40     0x4  sdcard.o [1]
  .bss               zero     0x20001b44     0x4  user_app.o [1]
  .bss               zero     0x20001b48     0x4  user_app.o [1]
  .bss               zero     0x20001b4c     0x4  user_app.o [1]
  .bss               zero     0x20001b50     0x4  xgetmemchunk.o [3]
  .bss               zero     0x20001b54     0x2  debug.o [1]
  .bss               zero     0x20001b56     0x2  lcd_nhd-c0220biz.o [1]
  .bss               zero     0x20001b58     0x2  user_app.o [1]
  .bss               zero     0x20001b5a     0x2  user_app.o [1]
  .bss               zero     0x20001b5c     0x2  user_app.o [1]
  .bss               zero     0x20001b5e     0x2  user_app.o [1]
  .bss               zero     0x20001b60     0x1  ant.o [1]
  .bss               zero     0x20001b61     0x1  ant.o [1]
  .bss               zero     0x20001b62     0x1  ant.o [1]
  .bss               zero     0x20001b63     0x1  ant.o [1]
  .bss               zero     0x20001b64     0x1  ant_api.o [1]
  .bss               zero     0x20001b65     0x1  debug.o [1]
  .bss               zero     0x20001b66     0x1  debug.o [1]
  .bss               zero     0x20001b67     0x1  debug.o [1]
  .bss               zero     0x20001b68     0x1  messaging.o [1]
  .bss               zero     0x20001b69     0x1  sam3u_i2c.o [1]
  .bss               zero     0x20001b6a     0x1  sam3u_i2c.o [1]
  .bss               zero     0x20001b6b     0x1  sam3u_i2c.o [1]
  .bss               zero     0x20001b6c     0x1  sam3u_uart.o [1]
  .bss               zero     0x20001b6d     0x1  user_app.o [1]
  .bss               zero     0x20001b6e     0x1  user_app.o [1]
  .bss               zero     0x20001b6f     0x1  user_app.o [1]
  .bss               zero     0x20001b70     0x1  user_app.o [1]
  .bss               zero     0x20001b71     0x1  user_app.o [1]
  .bss               zero     0x20001b72     0x1  user_app.o [1]
  .bss               zero     0x20001b73     0x1  user_app.o [1]
  .bss               zero     0x20001b74     0x1  user_app.o [1]
  .bss               zero     0x20001b75     0x1  user_app.o [1]
  .bss               zero     0x20001b76     0x1  user_app.o [1]
  HEAP                        0x20001b78  0x2000  <Block>
    HEAP             uninit   0x20001b78  0x2000  <Block tail>
                            - 0x20003b78  0x3b78

"P3":                                     0x2000
  CSTACK                      0x20080000  0x2000  <Block>
    CSTACK           uninit   0x20080000  0x2000  <Block tail>
                            - 0x20082000  0x2000


*******************************************************************************
*** INIT TABLE
***

          Address     Size
          -------     ----
Zero (__iar_zero_init3)
    1 destination range, total size 0x1517:
          0x20000660  0x1517

Copy/lz77 (__iar_lz77_init3)
    1 source range, total size 0x32c (49% of destination):
          0x000855e8   0x32c
    1 destination range, total size 0x65d:
          0x20000000   0x65d



*******************************************************************************
*** MODULE SUMMARY
***

    Module                 ro code  ro data  rw data
    ------                 -------  -------  -------
C:\Users\DK\Desktop\Razor_Atmel-slave\Razor_Atmel-master\firmware_mpgl1\iar_7_20_1\Debug\Obj: [1]
    ant.o                    3 950      481      800
    ant_api.o                  664       50       25
    board_cstartup_iar.o        20      188
    buttons.o                  660       30       80
    debug.o                  1 828      627      573
    exceptions.o                62
    interrupts.o               452       33        2
    lcd_nhd-c0220biz.o         394       76       98
    leds.o                     852       90      180
    main.o                     188                 8
    messaging.o                668        2    3 093
    mpgl1-ehdw-03.o          1 104       16       48
    sam3u_i2c.o              2 032               299
    sam3u_ssp.o              2 256       24      376
    sam3u_uart.o             1 400       32      185
    sdcard.o                   192       24      600
    user_app.o               2 342      543      633
    utilities.o                228        8       16
    ------------------------------------------------
    Total:                  19 292    2 224    7 016

command line: [2]
    ------------------------------------------------
    Total:

dl7M_tln.a: [3]
    abort.o                      6
    exit.o                       4
    xgetmemchunk.o              44                 4
    xxmemxfree.o               128
    xxmemxmalloc.o             176                 8
    ------------------------------------------------
    Total:                     358                12

rt7M_tl.a: [4]
    ABImemcpy_unaligned.o      118
    ABImemset.o                102
    cexit.o                     10
    cmain.o                     26
    cstartup_M.o                12
    data_init.o                 40
    lz77_init.o                450
    strcpy_unaligned.o          68
    zero_init3.o                34
    ------------------------------------------------
    Total:                     860

shb_l.a: [5]
    exit.o                      20
    ------------------------------------------------
    Total:                      20

    Gaps                         4        2        3
    Linker created                       44   16 384
----------------------------------------------------
    Grand Total:            20 534    2 270   23 415


*******************************************************************************
*** ENTRY LIST
***

Entry                      Address   Size  Type      Object
-----                      -------   ----  ----      ------
.intvec$$Base           0x00080000          --   Gb  - Linker created -
.intvec$$Limit          0x000800bc          --   Gb  - Linker created -
?main                   0x00085391         Code  Gb  cmain.o [4]
ADCC0_IrqHandler        0x00081061    0x2  Code  Wk  exceptions.o [1]
ADCC1_IrqHandler        0x00081063    0x2  Code  Wk  exceptions.o [1]
AddNewMessageStatus     0x00082529   0x34  Code  Lc  messaging.o [1]
AdvanceAntRxBufferCurrentChar
                        0x0008043d   0x28  Code  Lc  ant.o [1]
AdvanceAntRxBufferUnreadMsgPointer
                        0x00080465   0x28  Code  Lc  ant.o [1]
AntAbortMessage         0x00080411   0x2c  Code  Lc  ant.o [1]
AntCalculateTxChecksum  0x000808f7   0x24  Code  Gb  ant.o [1]
AntChannelConfig        0x000839fd  0x1a2  Code  Gb  ant_api.o [1]
AntDeQueueApplicationMessage
                        0x000809e3   0x38  Code  Gb  ant.o [1]
AntDeQueueOutgoingMessage
                        0x00080dcf   0x22  Code  Lc  ant.o [1]
AntExpectResponse       0x000807b5   0xe4  Code  Gb  ant.o [1]
AntInitialize           0x0008048d  0x190  Code  Gb  ant.o [1]
AntOpenChannel          0x00083b9f   0x30  Code  Gb  ant_api.o [1]
AntProcessMessage       0x00080a25  0x2a4  Code  Lc  ant.o [1]
AntQueueApplicationMessage
                        0x00080d29   0xa6  Code  Lc  ant.o [1]
AntQueueBroadcastMessage
                        0x00083bcf   0x36  Code  Gb  ant_api.o [1]
AntQueueOutgoingMessage
                        0x0008091b   0xc8  Code  Gb  ant.o [1]
AntReadData             0x00083c05   0x4a  Code  Gb  ant_api.o [1]
AntRunActiveState       0x0008061d    0xc  Code  Gb  ant.o [1]
AntRxFlowControlCallback
                        0x000808b1   0x46  Code  Gb  ant.o [1]
AntRxMessage            0x000801cd  0x244  Code  Lc  ant.o [1]
AntSM_Idle              0x00080e15   0x96  Code  Gb  ant.o [1]
AntSM_NoResponse        0x00081029    0x2  Code  Gb  ant.o [1]
AntSM_ReceiveMessage    0x00080eb1   0x18  Code  Gb  ant.o [1]
AntSM_TransmitMessage   0x00080ed5   0x76  Code  Gb  ant.o [1]
AntSrdyPulse            0x000801a3   0x2a  Code  Lc  ant.o [1]
AntSyncSerialInitialize
                        0x000800bd   0xe6  Code  Lc  ant.o [1]
AntTick                 0x00080cd1   0x42  Code  Lc  ant.o [1]
AntTxFlowControlCallback
                        0x00080899   0x16  Code  Gb  ant.o [1]
AntTxMessage            0x00080629  0x18c  Code  Gb  ant.o [1]
Ant_DebugProcessRxMessages
                        0x20001a5c    0x4  Data  Lc  ant.o [1]
Ant_DebugQueuedDataMessages
                        0x20001a60    0x4  Data  Lc  ant.o [1]
Ant_DebugRxMessageCounter
                        0x20001a54    0x4  Data  Lc  ant.o [1]
Ant_DebugTotalRxMessages
                        0x20001a58    0x4  Data  Lc  ant.o [1]
Ant_Ssp                 0x20001a38    0x4  Data  Lc  ant.o [1]
Ant_au8AntRxBuffer      0x20001484  0x100  Data  Lc  ant.o [1]
Ant_pfnStateMachine     0x20001a18    0x4  Data  Lc  ant.o [1]
Ant_psDataOutgoingMsgList
                        0x20001a4c    0x4  Data  Lc  ant.o [1]
Ant_pu8AntRxBufferCurrentChar
                        0x20001a40    0x4  Data  Lc  ant.o [1]
Ant_pu8AntRxBufferNextChar
                        0x20001a3c    0x4  Data  Lc  ant.o [1]
Ant_pu8AntRxBufferUnreadMsg
                        0x20001a44    0x4  Data  Lc  ant.o [1]
Ant_sSspConfig          0x200018e0   0x24  Data  Lc  ant.o [1]
Ant_u32ApplicationMessageCount
                        0x20001a48    0x4  Data  Lc  ant.o [1]
Ant_u32CurrentTxMessageToken
                        0x20001a34    0x4  Data  Lc  ant.o [1]
Ant_u32OutgoingMessageCount
                        0x20001a50    0x4  Data  Lc  ant.o [1]
Ant_u32RxByteCounter    0x20001a28    0x4  Data  Lc  ant.o [1]
Ant_u32RxTimeoutCounter
                        0x20001a2c    0x4  Data  Lc  ant.o [1]
Ant_u32RxTimer          0x20001a1c    0x4  Data  Lc  ant.o [1]
Ant_u32TxByteCounter    0x20001a24    0x4  Data  Lc  ant.o [1]
Ant_u32TxTimer          0x20001a20    0x4  Data  Lc  ant.o [1]
Ant_u32UnexpectedByteCounter
                        0x20001a30    0x4  Data  Lc  ant.o [1]
Ant_u8AntNewRxMessages  0x20001b60    0x1  Data  Lc  ant.o [1]
Ant_u8AntVersion        0x200019f4    0xc  Data  Lc  ant.o [1]
Ant_u8SlaveMissedMessageHigh
                        0x20001b61    0x1  Data  Lc  ant.o [1]
Ant_u8SlaveMissedMessageLow
                        0x20001b63    0x1  Data  Lc  ant.o [1]
Ant_u8SlaveMissedMessageMid
                        0x20001b62    0x1  Data  Lc  ant.o [1]
Bsp_u32TimingViolationsCounter
                        0x20001ac0    0x4  Data  Lc  mpgl1-ehdw-03.o [1]
BusFault_Handler        0x00081031    0x2  Code  Wk  exceptions.o [1]
ButtonAcknowledge       0x0008411f    0x8  Code  Gb  buttons.o [1]
ButtonInitialize        0x00084127   0xb0  Code  Gb  buttons.o [1]
ButtonRunActiveState    0x000841d7    0xa  Code  Gb  buttons.o [1]
ButtonSM_ButtonActive   0x00084229   0xfc  Code  Lc  buttons.o [1]
ButtonSM_Idle           0x00084209   0x20  Code  Lc  buttons.o [1]
Button_abNewPress       0x20001a78    0x4  Data  Lc  buttons.o [1]
Button_aeCurrentState   0x20001a70    0x4  Data  Lc  buttons.o [1]
Button_aeNewState       0x20001a74    0x4  Data  Lc  buttons.o [1]
Button_au32ButtonPins   0x0008551c   0x10  Data  Lc  buttons.o [1]
Button_au32HoldTimeStart
                        0x200019c8   0x10  Data  Lc  buttons.o [1]
Button_pfnStateMachine  0x20001a6c    0x4  Data  Lc  buttons.o [1]
Buttons_asArray         0x20000620    0x8  Data  Lc  buttons.o [1]
CSTACK$$Base            0x20080000          --   Gb  - Linker created -
CSTACK$$Limit           0x20082000          --   Gb  - Linker created -
ClockSetup              0x00083c95   0x7e  Code  Gb  mpgl1-ehdw-03.o [1]
DBGU_IrqHandler         0x000828e5   0x1e  Code  Gb  sam3u_uart.o [1]
DeQueueMessage          0x0008243b   0x56  Code  Gb  messaging.o [1]
DebugCommandDummy       0x000814d7   0x1a  Code  Lc  debug.o [1]
DebugCommandLedTestToggle
                        0x000814f1   0xb6  Code  Lc  debug.o [1]
DebugCommandPrepareList
                        0x00081439   0x9e  Code  Lc  debug.o [1]
DebugCommandSysTimeToggle
                        0x0008160d   0x46  Code  Lc  debug.o [1]
DebugInitialize         0x00081349   0xbc  Code  Gb  debug.o [1]
DebugLedTestCharacter   0x000815a7   0x66  Code  Lc  debug.o [1]
DebugLineFeed           0x00081209   0x1c  Code  Gb  debug.o [1]
DebugMon_Handler        0x00081037    0x2  Code  Wk  exceptions.o [1]
DebugPrintNumber        0x00081225   0xb0  Code  Gb  debug.o [1]
DebugPrintf             0x000811e5   0x24  Code  Gb  debug.o [1]
DebugRunActiveState     0x00081405    0xc  Code  Gb  debug.o [1]
DebugRxCallback         0x00081411   0x28  Code  Gb  debug.o [1]
DebugSM_CheckCmd        0x00081779   0xb2  Code  Lc  debug.o [1]
DebugSM_Error           0x00081845   0x34  Code  Lc  debug.o [1]
DebugSM_Idle            0x00081655  0x122  Code  Lc  debug.o [1]
DebugSM_ProcessCmd      0x0008182d   0x18  Code  Lc  debug.o [1]
Debug_Uart              0x20001a84    0x4  Data  Lc  debug.o [1]
Debug_au8CommandBuffer  0x20001804   0x40  Data  Lc  debug.o [1]
Debug_au8Commands       0x20000378   0x40  Data  Gb  debug.o [1]
Debug_au8RxBuffer       0x20001704   0x80  Data  Lc  debug.o [1]
Debug_au8StartupMsg     0x200002b0   0x44  Data  Lc  debug.o [1]
Debug_pfnStateMachine   0x20001a80    0x4  Data  Lc  debug.o [1]
Debug_pu8CmdBufferNextChar
                        0x20001a94    0x4  Data  Lc  debug.o [1]
Debug_pu8RxBufferNextChar
                        0x20001a8c    0x4  Data  Lc  debug.o [1]
Debug_pu8RxBufferParser
                        0x20001a90    0x4  Data  Lc  debug.o [1]
Debug_u16CommandSize    0x20001b54    0x2  Data  Lc  debug.o [1]
Debug_u32CurrentMessageToken
                        0x20001a88    0x4  Data  Lc  debug.o [1]
Debug_u8Command         0x20001b67    0x1  Data  Lc  debug.o [1]
Debug_u8ErrorCode       0x20001b66    0x1  Data  Lc  debug.o [1]
EFC0_IrqHandler         0x00081047    0x2  Code  Wk  exceptions.o [1]
EFC1_IrqHandler         0x00081049    0x2  Code  Wk  exceptions.o [1]
G_abButtonDebounceActive
                        0x20001a68    0x4  Data  Gb  buttons.o [1]
G_au32ButtonDebounceTimeStart
                        0x200019b8   0x10  Data  Gb  buttons.o [1]
G_au8AntApiCurrentData  0x20001a00    0x8  Data  Gb  ant_api.o [1]
G_au8AntMessageAssign   0x20000568   0x14  Data  Gb  ant.o [1]
G_au8AntMessageClose    0x20000590   0x14  Data  Gb  ant.o [1]
G_au8AntMessageFail     0x20000618    0x8  Data  Gb  ant.o [1]
G_au8AntMessageInit     0x200004f0   0x18  Data  Gb  ant.o [1]
G_au8AntMessageInitFail
                        0x2000043c   0x20  Data  Gb  ant.o [1]
G_au8AntMessageNoAnt    0x20000338   0x40  Data  Gb  ant.o [1]
G_au8AntMessageOk       0x20000610    0x8  Data  Gb  ant.o [1]
G_au8AntMessageOpen     0x200005a4   0x14  Data  Gb  ant.o [1]
G_au8AntMessageSetup    0x2000057c   0x14  Data  Gb  ant.o [1]
G_au8AntMessageUnassign
                        0x200004d8   0x18  Data  Gb  ant.o [1]
G_au8AntMessageUnhandled
                        0x200004bc   0x1c  Data  Gb  ant.o [1]
G_au8DebugScanfBuffer   0x20001684   0x80  Data  Gb  debug.o [1]
G_au8MessageOFF         0x20000640    0x8  Data  Gb  utilities.o [1]
G_au8MessageON          0x20000638    0x8  Data  Gb  utilities.o [1]
G_eAntApiCurrentMessageClass
                        0x20001b64    0x1  Data  Gb  ant_api.o [1]
G_sAntApplicationMsgList
                        0x20001a14    0x4  Data  Gb  ant.o [1]
G_stAntSetupData        0x200019e8    0xc  Data  Gb  ant.o [1]
G_u32AntApiCurrentDataTimeStamp
                        0x20001a64    0x4  Data  Gb  ant_api.o [1]
G_u32AntFlags           0x20001a10    0x4  Data  Gb  ant.o [1]
G_u32ApplicationFlags   0x20001aa4    0x4  Data  Gb  main.o [1]
G_u32DebugFlags         0x20001a7c    0x4  Data  Gb  debug.o [1]
G_u32MessagingFlags     0x20001aa8    0x4  Data  Gb  messaging.o [1]
G_u32Ssp1ApplicationFlags
                        0x20001ae0    0x4  Data  Gb  sam3u_ssp.o [1]
G_u32Ssp2ApplicationFlags
                        0x20001ae4    0x4  Data  Gb  sam3u_ssp.o [1]
G_u32SystemFlags        0x20001aa0    0x4  Data  Gb  main.o [1]
G_u32SystemTime1ms      0x20001ab8    0x4  Data  Gb  mpgl1-ehdw-03.o [1]
G_u32SystemTime1s       0x20001abc    0x4  Data  Gb  mpgl1-ehdw-03.o [1]
G_u32Uart0ApplicationFlags
                        0x20001b10    0x4  Data  Gb  sam3u_uart.o [1]
G_u32UartApplicationFlags
                        0x20001b0c    0x4  Data  Gb  sam3u_uart.o [1]
G_u8DebugScanfCharCount
                        0x20001b65    0x1  Data  Gb  debug.o [1]
GetButtonBitLocation    0x000841e1   0x26  Code  Gb  buttons.o [1]
GpioSetup               0x00083dbd   0xea  Code  Gb  mpgl1-ehdw-03.o [1]
HDMA_IrqHandler         0x00081065    0x2  Code  Wk  exceptions.o [1]
HEAP$$Base              0x20001b78          --   Gb  - Linker created -
HEAP$$Limit             0x20003b78          --   Gb  - Linker created -
HSMC4_IrqHandler        0x0008104b    0x2  Code  Wk  exceptions.o [1]
HardFault_Handler       0x00084bdb   0x34  Code  Gb  interrupts.o [1]
HexToASCIICharUpper     0x000810a1   0x28  Code  Gb  utilities.o [1]
InStream_Read           0x00084d2d   0x22  Code  Lc  lz77_init.o [4]
InterruptSetup          0x00084b91   0x4a  Code  Gb  interrupts.o [1]
IrqHandlerNotUsed       0x0008102b    0x2  Code  Gb  exceptions.o [1]
IsTimeUp                0x00081069   0x38  Code  Gb  utilities.o [1]
LCDClearChars           0x000838d3   0x3a  Code  Gb  lcd_nhd-c0220biz.o [1]
LCDCommand              0x00083871   0x2a  Code  Gb  lcd_nhd-c0220biz.o [1]
LCDMessage              0x0008389b   0x38  Code  Gb  lcd_nhd-c0220biz.o [1]
LcdInitialize           0x0008390d   0xb2  Code  Gb  lcd_nhd-c0220biz.o [1]
LcdRunActiveState       0x000839bf    0xa  Code  Gb  lcd_nhd-c0220biz.o [1]
LcdSM_Idle              0x000839f9    0x2  Code  Gb  lcd_nhd-c0220biz.o [1]
Lcd_StateMachine        0x20001a98    0x4  Data  Lc  lcd_nhd-c0220biz.o [1]
Lcd_u32Timer            0x20001a9c    0x4  Data  Lc  lcd_nhd-c0220biz.o [1]
LedBlink                0x00082c39   0x2c  Code  Gb  leds.o [1]
LedFlash                0x000830b5   0xe8  Code  Lc  user_app.o [1]
LedInitialize           0x00082c65   0xca  Code  Gb  leds.o [1]
LedOff                  0x00082bbf   0x58  Code  Gb  leds.o [1]
LedOn                   0x00082b61   0x5e  Code  Gb  leds.o [1]
LedToggle               0x00082c17   0x22  Code  Gb  leds.o [1]
LedUpdate               0x00082d2f  0x162  Code  Gb  leds.o [1]
Led_au32BitPositions    0x20000410   0x2c  Data  Lc  leds.o [1]
Leds_asLedArray         0x20000180   0x70  Data  Lc  leds.o [1]
LoserMusic              0x00083057   0x5e  Code  Lc  user_app.o [1]
MCI0_IrqHandler         0x00081051    0x2  Code  Wk  exceptions.o [1]
MemManage_Handler       0x0008102f    0x2  Code  Wk  exceptions.o [1]
MessagingIdle           0x0008255d   0x1c  Code  Gb  messaging.o [1]
MessagingInitialize     0x00082491   0x72  Code  Gb  messaging.o [1]
MessagingRunActiveState
                        0x00082503    0xa  Code  Gb  messaging.o [1]
Messaging_pfnStateMachine
                        0x20001aac    0x4  Data  Lc  messaging.o [1]
Msg_Pool                0x20000660  0x900  Data  Lc  messaging.o [1]
Msg_StatusQueue         0x20000f60  0x300  Data  Lc  messaging.o [1]
Msg_pNextStatus         0x20001ab4    0x4  Data  Lc  messaging.o [1]
Msg_u32Token            0x20001ab0    0x4  Data  Lc  messaging.o [1]
Msg_u8QueuedMessageCount
                        0x20001b68    0x1  Data  Lc  messaging.o [1]
NMI_Handler             0x0008102d    0x2  Code  Wk  exceptions.o [1]
NVIC_ClearPendingIRQ    0x000840f9   0x14  Code  Lc  buttons.o [1]
NVIC_ClearPendingIRQ    0x00084b7d   0x14  Code  Lc  interrupts.o [1]
NVIC_ClearPendingIRQ    0x0008438f   0x16  Code  Lc  sam3u_i2c.o [1]
NVIC_ClearPendingIRQ    0x0008191f   0x16  Code  Lc  sam3u_ssp.o [1]
NVIC_ClearPendingIRQ    0x000825ff   0x16  Code  Lc  sam3u_uart.o [1]
NVIC_DisableIRQ         0x00084b69   0x14  Code  Lc  interrupts.o [1]
NVIC_EnableIRQ          0x000840e5   0x14  Code  Lc  buttons.o [1]
NVIC_EnableIRQ          0x00084379   0x16  Code  Lc  sam3u_i2c.o [1]
NVIC_EnableIRQ          0x00081909   0x16  Code  Lc  sam3u_ssp.o [1]
NVIC_EnableIRQ          0x000825e9   0x16  Code  Lc  sam3u_uart.o [1]
NumberToAscii           0x000810c9   0x78  Code  Gb  utilities.o [1]
OutStream_Write         0x00084d4f   0x40  Code  Lc  lz77_init.o [4]
PIOA_IrqHandler         0x00084c4b   0x54  Code  Gb  interrupts.o [1]
PIOB_IrqHandler         0x00084c9f   0x56  Code  Gb  interrupts.o [1]
PIOC_IrqHandler         0x0008104d    0x2  Code  Wk  exceptions.o [1]
PMC_IrqHandler          0x00081045    0x2  Code  Wk  exceptions.o [1]
PWMAudioOff             0x00083f5f    0x6  Code  Gb  mpgl1-ehdw-03.o [1]
PWMAudioOn              0x00083f59    0x6  Code  Gb  mpgl1-ehdw-03.o [1]
PWMAudioSetFrequency    0x00083f03   0x56  Code  Gb  mpgl1-ehdw-03.o [1]
PWMSetupAudio           0x00083ea7   0x5c  Code  Gb  mpgl1-ehdw-03.o [1]
PWM_IrqHandler          0x0008105f    0x2  Code  Wk  exceptions.o [1]
PendSV_Handler          0x00081039    0x2  Code  Wk  exceptions.o [1]
QueryMessageStatus      0x00082309   0x38  Code  Gb  messaging.o [1]
QueueMessage            0x00082341   0xfa  Code  Gb  messaging.o [1]
RSTC_IrqHandler         0x0008103d    0x2  Code  Wk  exceptions.o [1]
RTC_IrqHandler          0x0008103f    0x2  Code  Wk  exceptions.o [1]
RTT_IrqHandler          0x00081041    0x2  Code  Wk  exceptions.o [1]
Region$$Table$$Base     0x000852ec          --   Gb  - Linker created -
Region$$Table$$Limit    0x00085318          --   Gb  - Linker created -
SD_Ssp                  0x20001b38    0x4  Data  Lc  sdcard.o [1]
SD_au8RxBuffer          0x20001260  0x224  Data  Lc  sdcard.o [1]
SD_pfnStateMachine      0x20001b34    0x4  Data  Lc  sdcard.o [1]
SD_pu8RxBufferNextByte  0x20001b3c    0x4  Data  Lc  sdcard.o [1]
SD_pu8RxBufferParser    0x20001b40    0x4  Data  Lc  sdcard.o [1]
SD_sSspConfig           0x20001994   0x24  Data  Lc  sdcard.o [1]
SPI0_IrqHandler         0x00081055    0x2  Code  Wk  exceptions.o [1]
SSC0_IrqHandler         0x00081057    0x2  Code  Wk  exceptions.o [1]
SSP_Peripheral0         0x20001844   0x34  Data  Lc  sam3u_ssp.o [1]
SSP_Peripheral1         0x20001878   0x34  Data  Lc  sam3u_ssp.o [1]
SSP_Peripheral2         0x200018ac   0x34  Data  Lc  sam3u_ssp.o [1]
SSP_au8Dummies          0x20001784   0x80  Data  Lc  sam3u_ssp.o [1]
SSP_psCurrentISR        0x20001af8    0x4  Data  Lc  sam3u_ssp.o [1]
SSP_psCurrentSsp        0x20001af4    0x4  Data  Lc  sam3u_ssp.o [1]
SSP_pu32SspApplicationFlagsISR
                        0x20001afc    0x4  Data  Lc  sam3u_ssp.o [1]
SSP_u32AntCounter       0x20001b08    0x4  Data  Lc  sam3u_ssp.o [1]
SSP_u32Flags            0x20001af0    0x4  Data  Lc  sam3u_ssp.o [1]
SSP_u32Int1Count        0x20001b00    0x4  Data  Lc  sam3u_ssp.o [1]
SSP_u32Int2Count        0x20001b04    0x4  Data  Lc  sam3u_ssp.o [1]
SSP_u32Timer            0x20001aec    0x4  Data  Lc  sam3u_ssp.o [1]
SUPC_IrqHandler         0x0008103b    0x2  Code  Wk  exceptions.o [1]
SVC_Handler             0x00081035    0x2  Code  Wk  exceptions.o [1]
SdCardInitialize        0x00084f09   0x8c  Code  Gb  sdcard.o [1]
SdCardRunActiveState    0x00084f95    0xa  Code  Gb  sdcard.o [1]
SdIdleNoCard            0x00084fa1    0x2  Code  Lc  sdcard.o [1]
SspGenericHandler       0x00081c53  0x352  Code  Gb  sam3u_ssp.o [1]
SspInitialize           0x00081aad   0xfe  Code  Gb  sam3u_ssp.o [1]
SspManualMode           0x00081bb7   0x48  Code  Gb  sam3u_ssp.o [1]
SspRequest              0x00081935  0x148  Code  Gb  sam3u_ssp.o [1]
SspRunActiveState       0x00081bab    0xc  Code  Gb  sam3u_ssp.o [1]
SspSM_Idle              0x00081fa5  0x1c0  Code  Gb  sam3u_ssp.o [1]
SspWriteData            0x00081a7d   0x30  Code  Gb  sam3u_ssp.o [1]
Ssp_pfnStateMachine     0x20001ae8    0x4  Data  Lc  sam3u_ssp.o [1]
SysTickSetup            0x00083d13   0x22  Code  Gb  mpgl1-ehdw-03.o [1]
SysTick_Handler         0x00084c0f   0x3c  Code  Gb  interrupts.o [1]
SystemSleep             0x00083d35   0x7a  Code  Gb  mpgl1-ehdw-03.o [1]
SystemStatusReport      0x000812d5   0x74  Code  Gb  debug.o [1]
TC0_IrqHandler          0x00081059    0x2  Code  Wk  exceptions.o [1]
TC1_IrqHandler          0x0008105b    0x2  Code  Wk  exceptions.o [1]
TC2_IrqHandler          0x0008105d    0x2  Code  Wk  exceptions.o [1]
TWI0                    0x20001ad4    0x4  Data  Lc  sam3u_i2c.o [1]
TWI0FillTxBuffer        0x00084663   0x96  Code  Lc  sam3u_i2c.o [1]
TWI0WriteByte           0x000843a5   0xd6  Code  Gb  sam3u_i2c.o [1]
TWI0WriteData           0x0008447b   0xda  Code  Gb  sam3u_i2c.o [1]
TWI0_IrqHandler         0x00084737   0xb8  Code  Gb  sam3u_i2c.o [1]
TWI1_IrqHandler         0x00081053    0x2  Code  Wk  exceptions.o [1]
TWIInitialize           0x00084555  0x102  Code  Gb  sam3u_i2c.o [1]
TWIManualMode           0x000846f9   0x3e  Code  Lc  sam3u_i2c.o [1]
TWIRunActiveState       0x00084657    0xc  Code  Gb  sam3u_i2c.o [1]
TWISM_Error             0x00084a81   0x94  Code  Gb  sam3u_i2c.o [1]
TWISM_Idle              0x000847f1  0x142  Code  Gb  sam3u_i2c.o [1]
TWISM_Receiving         0x00084a09   0x78  Code  Gb  sam3u_i2c.o [1]
TWISM_Transmitting      0x00084935   0xd2  Code  Gb  sam3u_i2c.o [1]
TWI_MessageBuffer       0x20001584  0x100  Data  Lc  sam3u_i2c.o [1]
TWI_MessageBufferCurIndex
                        0x20001b6a    0x1  Data  Lc  sam3u_i2c.o [1]
TWI_MessageBufferNextIndex
                        0x20001b69    0x1  Data  Lc  sam3u_i2c.o [1]
TWI_MessageQueueLength  0x20001b6b    0x1  Data  Lc  sam3u_i2c.o [1]
TWI_Peripheral0         0x200019d8   0x10  Data  Lc  sam3u_i2c.o [1]
TWI_StateMachine        0x20001ac8    0x4  Data  Lc  sam3u_i2c.o [1]
TWI_pu8CurrentTxData    0x20001adc    0x4  Data  Lc  sam3u_i2c.o [1]
TWI_u32CurrentBytesRemaining
                        0x20001ad8    0x4  Data  Lc  sam3u_i2c.o [1]
TWI_u32Flags            0x20001ad0    0x4  Data  Lc  sam3u_i2c.o [1]
TWI_u32Timer            0x20001acc    0x4  Data  Lc  sam3u_i2c.o [1]
UART_Peripheral         0x20001904   0x24  Data  Lc  sam3u_uart.o [1]
UART_Peripheral0        0x20001928   0x24  Data  Lc  sam3u_uart.o [1]
UART_Peripheral1        0x2000194c   0x24  Data  Lc  sam3u_uart.o [1]
UART_Peripheral2        0x20001970   0x24  Data  Lc  sam3u_uart.o [1]
UART_psCurrentISR       0x20001b24    0x4  Data  Lc  sam3u_uart.o [1]
UART_psCurrentUart      0x20001b20    0x4  Data  Lc  sam3u_uart.o [1]
UART_pu32ApplicationFlagsISR
                        0x20001b28    0x4  Data  Lc  sam3u_uart.o [1]
UART_u32Flags           0x20001b1c    0x4  Data  Lc  sam3u_uart.o [1]
UART_u32Int0Count       0x20001b30    0x4  Data  Lc  sam3u_uart.o [1]
UART_u32IntCount        0x20001b2c    0x4  Data  Lc  sam3u_uart.o [1]
UART_u32Timer           0x20001b18    0x4  Data  Lc  sam3u_uart.o [1]
UART_u8ActiveUarts      0x20001b6c    0x1  Data  Lc  sam3u_uart.o [1]
UDPD_IrqHandler         0x00081067    0x2  Code  Wk  exceptions.o [1]
USART0_IrqHandler       0x00082903   0x1e  Code  Gb  sam3u_uart.o [1]
USART1_IrqHandler       0x00081bff   0x2a  Code  Gb  sam3u_ssp.o [1]
USART2_IrqHandler       0x00081c29   0x2a  Code  Gb  sam3u_ssp.o [1]
USART3_IrqHandler       0x0008104f    0x2  Code  Wk  exceptions.o [1]
UartGenericHandler      0x00082921   0xf4  Code  Gb  sam3u_uart.o [1]
UartInitialize          0x000827a9   0xfc  Code  Gb  sam3u_uart.o [1]
UartManualMode          0x000828af   0x36  Code  Lc  sam3u_uart.o [1]
UartRequest             0x00082615  0x138  Code  Gb  sam3u_uart.o [1]
UartRunActiveState      0x000828a5    0xa  Code  Gb  sam3u_uart.o [1]
UartSM_Idle             0x00082a19   0xd8  Code  Gb  sam3u_uart.o [1]
UartWriteByte           0x0008274d   0x30  Code  Gb  sam3u_uart.o [1]
UartWriteData           0x0008277d   0x2c  Code  Gb  sam3u_uart.o [1]
Uart_pfnStateMachine    0x20001b14    0x4  Data  Lc  sam3u_uart.o [1]
UpdateMessageStatus     0x0008250d   0x1c  Code  Gb  messaging.o [1]
UsageFault_Handler      0x00081033    0x2  Code  Wk  exceptions.o [1]
UserAppInitialize       0x00082f49   0xa4  Code  Gb  user_app.o [1]
UserAppRunActiveState   0x00082fed    0xc  Code  Gb  user_app.o [1]
UserAppSM_Error         0x0008386d    0x2  Code  Lc  user_app.o [1]
UserAppSM_Idle          0x0008319d  0x61c  Code  Lc  user_app.o [1]
UserApp_StateMachine    0x20001b44    0x4  Data  Lc  user_app.o [1]
WDT_IrqHandler          0x00081043    0x2  Code  Wk  exceptions.o [1]
WasButtonPressed        0x0008410d   0x12  Code  Gb  buttons.o [1]
WatchDogSetup           0x00083daf    0xe  Code  Gb  mpgl1-ehdw-03.o [1]
WinnerMusic             0x00082ff9   0x5e  Code  Lc  user_app.o [1]
__ICFEDIT_intvec_start__ {Abs}
                        0x00080000          --   Gb  command line/config [2]
__aeabi_memset          0x00082eb5         Code  Gb  ABImemset.o [4]
__as_entries_start      0xffffffff          --   Gb  command line/config [2]
__as_table_start        0xffffffff          --   Gb  command line/config [2]
__cmain                 0x00085391         Code  Gb  cmain.o [4]
__data_Aldata           0x20001a08    0x8  Data  Gb  xxmemxmalloc.o [3]
__data_GetMemChunk      0x00082f1d   0x2c  Code  Gb  xgetmemchunk.o [3]
__exit                  0x00084ef5   0x14  Code  Gb  exit.o [5]
__iar_Memset            0x00082eb5         Code  Gb  ABImemset.o [4]
__iar_Memset_word       0x00082ebd         Code  Gb  ABImemset.o [4]
__iar_data_init3        0x0008515d   0x28  Code  Gb  data_init.o [4]
__iar_lz77_init3        0x00084d8f  0x160  Code  Gb  lz77_init.o [4]
__iar_program_start     0x00085579         Code  Gb  cstartup_M.o [4]
__iar_unaligned___aeabi_memcpy
                        0x0008114d         Code  Gb  ABImemcpy_unaligned.o [4]
__iar_unaligned___aeabi_memcpy4
                        0x0008116d         Code  Gb  ABImemcpy_unaligned.o [4]
__iar_unaligned___aeabi_memcpy8
                        0x0008116d         Code  Gb  ABImemcpy_unaligned.o [4]
__iar_unaligned_strcpy  0x000825a5         Code  Gb  strcpy_unaligned.o [4]
__iar_zero_init3        0x000811c3   0x22  Code  Gb  zero_init3.o [4]
__low_level_init        0x000853ad   0x14  Code  Gb  board_cstartup_iar.o [1]
__vector_table          0x00080000   0xbc  Data  Gb  board_cstartup_iar.o [1]
_call_main              0x0008539d         Code  Gb  cmain.o [4]
_exit                   0x000853c5         Code  Gb  cexit.o [4]
_main                   0x000853a7         Code  Gb  cmain.o [4]
abort                   0x00084eef    0x6  Code  Gb  abort.o [3]
exit                    0x000853c1    0x4  Code  Gb  exit.o [3]
free                    0x00082289   0x7a  Code  Gb  xxmemxfree.o [3]
main                    0x00084fc9   0xbc  Code  Gb  main.o [1]
malloc                  0x000821d9   0xac  Code  Gb  xxmemxmalloc.o [3]


[1] = C:\Users\DK\Desktop\Razor_Atmel-slave\Razor_Atmel-master\firmware_mpgl1\iar_7_20_1\Debug\Obj
[2] = command line
[3] = dl7M_tln.a
[4] = rt7M_tl.a
[5] = shb_l.a

  20 534 bytes of readonly  code memory
   2 270 bytes of readonly  data memory
  23 415 bytes of readwrite data memory

Errors: none
Warnings: none
